// Jest Snapshot v1, https://goo.gl/fbAQLP

exports[`Palette component should render correctly 1`] = `
<div
  className="paint-palette"
/>
`;
